fixedDepth {
  positions: 202,
  roots: 739,
  identicalScoreAndNodes: 739,
  depth: 4,
  oldMs: {
    mean: 1.016702063599473,
    p50: 1.0051039999998466,
    p95: 1.7171069999985775,
    max: 3.2489839999998367
  },
  newMs: {
    mean: 0.9770083017591269,
    p50: 0.9472370000003139,
    p95: 1.667782000000443,
    max: 3.727585000000545
  }
}
latency {"version":"9.1","mode":"fast","uiDelay":0,"positions":60,"searchMs":{"mean":7.52562843333341,"p50":7.17710100000113,"p95":10.370410999999876,"max":18.92004900000029},"wallMs":{"mean":7.678569200000099,"p50":7.265183999999863,"p95":10.510471000001417,"max":19.104998000000705},"depth":{"mean":4.983333333333333,"p50":5,"p95":8,"max":8}}
latency {"version":"9.2","mode":"fast","uiDelay":0,"positions":60,"searchMs":{"mean":7.278305200000099,"p50":7.061636999998882,"p95":9.449284000000262,"max":17.542003000000477},"wallMs":{"mean":7.636349650000162,"p50":7.481769999998505,"p95":9.91233099999954,"max":17.88542099999904},"depth":{"mean":5.033333333333333,"p50":5,"p95":8,"max":8}}
latency {"version":"9.1","mode":"extreme","uiDelay":0,"positions":60,"searchMs":{"mean":42.12254749999987,"p50":58.72959300000002,"p95":59.44192199999998,"max":77.14845699999933},"wallMs":{"mean":42.272543249999885,"p50":58.905869000000166,"p95":59.61402099999941,"max":77.3906420000003},"depth":{"mean":6.916666666666667,"p50":7,"p95":11,"max":11}}
latency {"version":"9.2","mode":"extreme","uiDelay":0,"positions":60,"searchMs":{"mean":42.659733416666704,"p50":58.744415999999546,"p95":61.026167999998506,"max":75.66273900000124},"wallMs":{"mean":43.12361256666676,"p50":59.19085900000027,"p95":61.49444900000162,"max":76.15914299999895},"depth":{"mean":6.816666666666666,"p50":7,"p95":10,"max":11}}
latency {"version":"9.1","mode":"fast","uiDelay":4,"positions":60,"searchMs":{"mean":9.660188266666834,"p50":10.15816100000302,"p95":14.218486999998277,"max":20.032845000001544},"wallMs":{"mean":9.757549583333518,"p50":10.338116999999329,"p95":14.697519000001193,"max":20.11496800000168},"depth":{"mean":4.183333333333334,"p50":4,"p95":5,"max":7}}
latency {"version":"9.2","mode":"fast","uiDelay":4,"positions":60,"searchMs":{"mean":7.195062933333611,"p50":6.903714000000036,"p95":9.34376500000144,"max":16.74715599999763},"wallMs":{"mean":11.576341799999803,"p50":11.37087800000154,"p95":13.693005000000994,"max":21.136677999998938},"depth":{"mean":5.116666666666666,"p50":5,"p95":8,"max":8}}
latency {"version":"9.1","mode":"extreme","uiDelay":4,"positions":60,"searchMs":{"mean":50.37798896666639,"p50":62.58425499999794,"p95":66.88345599999957,"max":86.2238780000007},"wallMs":{"mean":50.52040480000002,"p50":62.71058400000038,"p95":67.99825399999827,"max":86.41418500000145},"depth":{"mean":6.533333333333333,"p50":7,"p95":8,"max":11}}
latency {"version":"9.2","mode":"extreme","uiDelay":4,"positions":60,"searchMs":{"mean":42.12821436666642,"p50":58.644806000000244,"p95":60.283846000002086,"max":74.21267599999919},"wallMs":{"mean":46.64102959999994,"p50":63.22237099999984,"p95":65.63182199999937,"max":78.73387599999842},"depth":{"mean":6.85,"p50":7,"p95":11,"max":11}}
