✔ allocation-free mobility matches real moves over 1000 seeded boards (16.209119ms)
✔ canonical ties use direction order, never message arrival order (1.006428ms)
✔ Survival cannot override without a successful, supporting verifier (5.316744ms)
✔ H7 abort retries H6 once; second abort safely keeps baseline (1.147521ms)
✔ partial refinement discarded; never compare roots from different depths (1.039765ms)
✔ message latency does not consume the compute budget (1.087933ms)
✔ cold JS failure retries all roots at the same attainable depth (0.92596ms)
✔ real MessagePorts: full decision, cached result, cancellation, and large-tile fallback (273.589186ms)
✔ rules: one merge per tile, score gain, all four directions and large tiles (2.292906ms)
✔ D4 rule equivalence and detailed/plain parity on 500 seeded states (32.679503ms)
✔ WASM instantiation, exports and embedded survival bytes (17.775366ms)
✔ Survival trap, node-limit abort and H7→H6 recovery (35.751154ms)
✔ JS fallback: terminal before depth/probability cutoff, symmetric duplicate maxima, 65536 merges (10.45992ms)
✔ UI: manual move cancels outstanding hint; old result cannot affect new state (21.813066ms)
✔ UI: undo while hint computes resets busy state and move count (3.187812ms)
✔ UI: new game cancels animation frames/timers and restores visible tiles (2.354031ms)
✔ UI: stop invalidates scheduled autoplay callback and does not cold-restart workers (6.121541ms)
✔ UI: reduced motion, accessible hidden overlay, progress restore, safe corrupt storage (7.105312ms)
✔ UI: game over stops autoplay and exposes restart (3.754693ms)
✔ UI: background visibility cannot trap autoplay behind a suspended animation frame (10.983654ms)
ℹ tests 20
ℹ suites 0
ℹ pass 20
ℹ fail 0
ℹ cancelled 0
ℹ skipped 0
ℹ todo 0
ℹ duration_ms 402.605384
