npm warn Unknown env config "http-proxy". This will stop working in the next major version of npm.

> 2048-ai-local@9.3.0 test
> node --test --test-concurrency=1 tests/regression.cjs tests/coordinator.cjs tests/upgrades-v9.3.cjs

✔ allocation-free mobility matches real moves over 1000 seeded boards (9.34146ms)
✔ canonical ties use direction order, never message arrival order (0.723426ms)
✔ Survival cannot override without a successful, supporting verifier (3.691574ms)
✔ H7 abort retries H6 once; second abort safely keeps baseline (0.670547ms)
✔ partial refinement discarded; never compare roots from different depths (0.773802ms)
✔ message latency does not consume the compute budget (0.73971ms)
✔ cold JS failure retries all roots at the same attainable depth (0.705309ms)
✔ real MessagePorts: full decision, cached result, cancellation, and large-tile fallback (169.555652ms)
✔ rules: one merge per tile, score gain, all four directions and large tiles (1.73157ms)
✔ D4 rule equivalence and detailed/plain parity on 500 seeded states (23.169248ms)
✔ WASM instantiation, exports and embedded survival bytes (12.721936ms)
✔ Survival trap, node-limit abort and H7→H6 recovery (20.299488ms)
✔ JS fallback: terminal before depth/probability cutoff, symmetric duplicate maxima, 65536 merges (7.900435ms)
✔ UI: manual move cancels outstanding hint; old result cannot affect new state (16.547833ms)
✔ UI: undo while hint computes resets busy state and move count (2.240555ms)
✔ UI: new game cancels animation frames/timers and restores visible tiles (1.75121ms)
✔ UI: stop invalidates scheduled autoplay callback and does not cold-restart workers (3.426316ms)
✔ UI: reduced motion, accessible hidden overlay, progress restore, safe corrupt storage (4.349263ms)
✔ UI: game over stops autoplay and exposes restart (2.235858ms)
✔ UI: background visibility cannot trap autoplay behind a suspended animation frame (4.107039ms)
✔ production WASM kernels and ordinary policy remain byte-identical to 9.2 (2.042037ms)
✔ exact leaf memo withstands eviction, changed budgets and ranks above 31 (241.982247ms)
✔ reversible spawn restores input after success and a nested deadline exception (33.222986ms)
✔ real workers: exact scores and logical nodes match at d1–d5 across all modes (2276.295394ms)
ℹ tests 24
ℹ suites 0
ℹ pass 24
ℹ fail 0
ℹ cancelled 0
ℹ skipped 0
ℹ todo 0
ℹ duration_ms 3055.203157
